
> react-kavia@0.1.0 start
> cross-env EDIT_MODE=true webpack serve --config .ve/webpack.config.js --mode development

<i> [webpack-dev-server] Project is running at:
<i> [webpack-dev-server] Loopback: http://localhost:3000/, http://[::1]:3000/
<i> [webpack-dev-server] On Your Network (IPv4): http://172.17.0.2:3000/
<i> [webpack-dev-server] Content not from webpack is served from './public' directory
Injecting EditorRootWrapper import: ../.ve/EditorRootWrapper
asset bundle.js 1.39 MiB [emitted] (name: main)
asset index.html 1.92 KiB [emitted]
runtime modules 27.5 KiB 14 modules
modules by path ./node_modules/ 1.24 MiB 31 modules
modules by path ./src/ 10.2 KiB
  modules by path ./src/*.css 7.49 KiB 4 modules
  modules by path ./src/*.js 2.76 KiB
    ./src/index.js 530 bytes [built] [code generated]
    ./src/App.js 2.24 KiB [built] [code generated]
modules by path ./.ve/ 15.1 KiB
  modules by path ./.ve/*.js 10.6 KiB 2 modules
  modules by path ./.ve/*.css 2.93 KiB
    ./.ve/EditorOverlay.css 2.25 KiB [built] [code generated]
    ./node_modules/css-loader/dist/cjs.js!./.ve/EditorOverlay.css 697 bytes [built] [code generated]
  ./.ve/EditorOverlay.jsx 1.58 KiB [built] [code generated]
webpack 5.99.9 compiled successfully in 1482 ms
assets by status 1.92 KiB [cached] 1 asset
assets by path *.js 1.4 MiB
  asset bundle.js 1.39 MiB [emitted] (name: main)
  asset main.3fa6b41158010bceda33.hot-update.js 4.21 KiB [emitted] [immutable] [hmr] (name: main)
asset main.3fa6b41158010bceda33.hot-update.json 28 bytes [emitted] [immutable] [hmr]
Entrypoint main 1.4 MiB = bundle.js 1.39 MiB main.3fa6b41158010bceda33.hot-update.js 4.21 KiB
cached modules 1.26 MiB [cached] 41 modules
runtime modules 27.5 KiB 14 modules
./src/App.js 1.06 KiB [built] [code generated]

ERROR in ./src/App.js 3:0-47
Module not found: Error: Can't resolve './components/SearchBar' in '/home/kavia/workspace/code-generation/recipehub-32542-b51c3f41/recipehub_frontend/src'
 @ ./src/index.js 5:0-24 11:32-35

ERROR in ./src/App.js 4:0-61
Module not found: Error: Can't resolve './components/FeaturedCarousel' in '/home/kavia/workspace/code-generation/recipehub-32542-b51c3f41/recipehub_frontend/src'
 @ ./src/index.js 5:0-24 11:32-35

ERROR in ./src/App.js 5:0-55
Module not found: Error: Can't resolve './components/CategoryCards' in '/home/kavia/workspace/code-generation/recipehub-32542-b51c3f41/recipehub_frontend/src'
 @ ./src/index.js 5:0-24 11:32-35

ERROR in ./src/App.js 6:0-47
Module not found: Error: Can't resolve './components/BottomNav' in '/home/kavia/workspace/code-generation/recipehub-32542-b51c3f41/recipehub_frontend/src'
 @ ./src/index.js 5:0-24 11:32-35

4 errors have detailed information that is not shown.
Use 'stats.errorDetails: true' resp. '--stats-error-details' to show it.

webpack 5.99.9 compiled with 4 errors in 119 ms
assets by status 1.92 KiB [cached] 1 asset
assets by path *.js 1.4 MiB
  asset bundle.js 1.39 MiB [emitted] (name: main)
  asset main.2bc863080b23c20814cc.hot-update.js 6.72 KiB [emitted] [immutable] [hmr] (name: main)
asset main.2bc863080b23c20814cc.hot-update.json 28 bytes [emitted] [immutable] [hmr]
Entrypoint main 1.4 MiB = bundle.js 1.39 MiB main.2bc863080b23c20814cc.hot-update.js 6.72 KiB
cached modules 1.26 MiB [cached] 41 modules
runtime modules 27.5 KiB 14 modules
javascript modules 2.29 KiB
  ./src/App.js 1.06 KiB [code generated]
  ./src/components/SearchBar.js 1.23 KiB [built] [code generated]

ERROR in ./src/App.js 4:0-61
Module not found: Error: Can't resolve './components/FeaturedCarousel' in '/home/kavia/workspace/code-generation/recipehub-32542-b51c3f41/recipehub_frontend/src'
 @ ./src/index.js 5:0-24 11:32-35

ERROR in ./src/App.js 5:0-55
Module not found: Error: Can't resolve './components/CategoryCards' in '/home/kavia/workspace/code-generation/recipehub-32542-b51c3f41/recipehub_frontend/src'
 @ ./src/index.js 5:0-24 11:32-35

ERROR in ./src/App.js 6:0-47
Module not found: Error: Can't resolve './components/BottomNav' in '/home/kavia/workspace/code-generation/recipehub-32542-b51c3f41/recipehub_frontend/src'
 @ ./src/index.js 5:0-24 11:32-35

ERROR in ./src/components/SearchBar.js 2:0-25
Module not found: Error: Can't resolve './SearchBar.css' in '/home/kavia/workspace/code-generation/recipehub-32542-b51c3f41/recipehub_frontend/src/components'
 @ ./src/App.js 3:0-47 16:34-43
 @ ./src/index.js 5:0-24 11:32-35

4 errors have detailed information that is not shown.
Use 'stats.errorDetails: true' resp. '--stats-error-details' to show it.

webpack 5.99.9 compiled with 4 errors in 63 ms
assets by status 1.92 KiB [cached] 1 asset
assets by path *.js 1.4 MiB
  asset bundle.js 1.4 MiB [emitted] (name: main)
  asset main.0ea411727e2442e919f8.hot-update.js 7.6 KiB [emitted] [immutable] [hmr] (name: main)
asset main.0ea411727e2442e919f8.hot-update.json 28 bytes [emitted] [immutable] [hmr]
Entrypoint main 1.4 MiB = bundle.js 1.4 MiB main.0ea411727e2442e919f8.hot-update.js 7.6 KiB
cached modules 1.26 MiB [cached] 42 modules
runtime modules 27.5 KiB 14 modules
javascript modules 3.06 KiB
  ./src/App.js 1.06 KiB [code generated]
  ./src/components/FeaturedCarousel.js 2 KiB [built] [code generated]

ERROR in ./src/App.js 5:0-55
Module not found: Error: Can't resolve './components/CategoryCards' in '/home/kavia/workspace/code-generation/recipehub-32542-b51c3f41/recipehub_frontend/src'
 @ ./src/index.js 5:0-24 11:32-35

ERROR in ./src/App.js 6:0-47
Module not found: Error: Can't resolve './components/BottomNav' in '/home/kavia/workspace/code-generation/recipehub-32542-b51c3f41/recipehub_frontend/src'
 @ ./src/index.js 5:0-24 11:32-35

ERROR in ./src/components/FeaturedCarousel.js 2:0-32
Module not found: Error: Can't resolve './FeaturedCarousel.css' in '/home/kavia/workspace/code-generation/recipehub-32542-b51c3f41/recipehub_frontend/src/components'
 @ ./src/App.js 4:0-61 22:35-51
 @ ./src/index.js 5:0-24 11:32-35

ERROR in ./src/components/SearchBar.js 2:0-25
Module not found: Error: Can't resolve './SearchBar.css' in '/home/kavia/workspace/code-generation/recipehub-32542-b51c3f41/recipehub_frontend/src/components'
 @ ./src/App.js 3:0-47 16:34-43
 @ ./src/index.js 5:0-24 11:32-35

4 errors have detailed information that is not shown.
Use 'stats.errorDetails: true' resp. '--stats-error-details' to show it.

webpack 5.99.9 compiled with 4 errors in 52 ms
assets by status 1.92 KiB [cached] 1 asset
assets by path *.js 1.41 MiB
  asset bundle.js 1.4 MiB [emitted] (name: main)
  asset main.7bcec6b0dd60c1d3cd96.hot-update.js 6.97 KiB [emitted] [immutable] [hmr] (name: main)
asset main.7bcec6b0dd60c1d3cd96.hot-update.json 28 bytes [emitted] [immutable] [hmr]
Entrypoint main 1.41 MiB = bundle.js 1.4 MiB main.7bcec6b0dd60c1d3cd96.hot-update.js 6.97 KiB
cached modules 1.27 MiB [cached] 43 modules
runtime modules 27.5 KiB 14 modules
javascript modules 2.54 KiB
  ./src/App.js 1.06 KiB [code generated]
  ./src/components/CategoryCards.js 1.47 KiB [built] [code generated]

ERROR in ./src/App.js 6:0-47
Module not found: Error: Can't resolve './components/BottomNav' in '/home/kavia/workspace/code-generation/recipehub-32542-b51c3f41/recipehub_frontend/src'
 @ ./src/index.js 5:0-24 11:32-35

ERROR in ./src/components/CategoryCards.js 2:0-29
Module not found: Error: Can't resolve './CategoryCards.css' in '/home/kavia/workspace/code-generation/recipehub-32542-b51c3f41/recipehub_frontend/src/components'
 @ ./src/App.js 5:0-55 24:28-41
 @ ./src/index.js 5:0-24 11:32-35

ERROR in ./src/components/FeaturedCarousel.js 2:0-32
Module not found: Error: Can't resolve './FeaturedCarousel.css' in '/home/kavia/workspace/code-generation/recipehub-32542-b51c3f41/recipehub_frontend/src/components'
 @ ./src/App.js 4:0-61 22:35-51
 @ ./src/index.js 5:0-24 11:32-35

ERROR in ./src/components/SearchBar.js 2:0-25
Module not found: Error: Can't resolve './SearchBar.css' in '/home/kavia/workspace/code-generation/recipehub-32542-b51c3f41/recipehub_frontend/src/components'
 @ ./src/App.js 3:0-47 16:34-43
 @ ./src/index.js 5:0-24 11:32-35

4 errors have detailed information that is not shown.
Use 'stats.errorDetails: true' resp. '--stats-error-details' to show it.

webpack 5.99.9 compiled with 4 errors in 47 ms
assets by status 1.92 KiB [cached] 1 asset
assets by path *.js 1.41 MiB
  asset bundle.js 1.4 MiB [emitted] (name: main)
  asset main.593ddbe16fe3491d119c.hot-update.js 6.51 KiB [emitted] [immutable] [hmr] (name: main)
asset main.593ddbe16fe3491d119c.hot-update.json 28 bytes [emitted] [immutable] [hmr]
Entrypoint main 1.41 MiB = bundle.js 1.4 MiB main.593ddbe16fe3491d119c.hot-update.js 6.51 KiB
cached modules 1.27 MiB [cached] 44 modules
runtime modules 27.5 KiB 14 modules
javascript modules 2.3 KiB
  ./src/App.js 1.06 KiB [code generated]
  ./src/components/BottomNav.js 1.24 KiB [built] [code generated]

ERROR in ./src/components/BottomNav.js 2:0-25
Module not found: Error: Can't resolve './BottomNav.css' in '/home/kavia/workspace/code-generation/recipehub-32542-b51c3f41/recipehub_frontend/src/components'
 @ ./src/App.js 6:0-47 27:26-35
 @ ./src/index.js 5:0-24 11:32-35

ERROR in ./src/components/CategoryCards.js 2:0-29
Module not found: Error: Can't resolve './CategoryCards.css' in '/home/kavia/workspace/code-generation/recipehub-32542-b51c3f41/recipehub_frontend/src/components'
 @ ./src/App.js 5:0-55 24:28-41
 @ ./src/index.js 5:0-24 11:32-35

ERROR in ./src/components/FeaturedCarousel.js 2:0-32
Module not found: Error: Can't resolve './FeaturedCarousel.css' in '/home/kavia/workspace/code-generation/recipehub-32542-b51c3f41/recipehub_frontend/src/components'
 @ ./src/App.js 4:0-61 22:35-51
 @ ./src/index.js 5:0-24 11:32-35

ERROR in ./src/components/SearchBar.js 2:0-25
Module not found: Error: Can't resolve './SearchBar.css' in '/home/kavia/workspace/code-generation/recipehub-32542-b51c3f41/recipehub_frontend/src/components'
 @ ./src/App.js 3:0-47 16:34-43
 @ ./src/index.js 5:0-24 11:32-35

4 errors have detailed information that is not shown.
Use 'stats.errorDetails: true' resp. '--stats-error-details' to show it.

webpack 5.99.9 compiled with 4 errors in 74 ms
assets by status 1.92 KiB [cached] 1 asset
assets by path *.js 1.43 MiB
  asset bundle.js 1.41 MiB [emitted] (name: main)
  asset main.3187919dd32d43e041a6.hot-update.js 13.8 KiB [emitted] [immutable] [hmr] (name: main)
asset main.3187919dd32d43e041a6.hot-update.json 28 bytes [emitted] [immutable] [hmr]
Entrypoint main 1.43 MiB = bundle.js 1.41 MiB main.3187919dd32d43e041a6.hot-update.js 13.8 KiB
cached modules 1.27 MiB [cached] 45 modules
runtime modules 27.5 KiB 14 modules
javascript modules 4.59 KiB
  ./src/components/SearchBar.js 1.23 KiB [code generated]
  ./src/components/SearchBar.css 2.27 KiB [built] [code generated]
  ./node_modules/css-loader/dist/cjs.js!./src/components/SearchBar.css 1.09 KiB [built] [code generated]

ERROR in ./src/components/BottomNav.js 2:0-25
Module not found: Error: Can't resolve './BottomNav.css' in '/home/kavia/workspace/code-generation/recipehub-32542-b51c3f41/recipehub_frontend/src/components'
 @ ./src/App.js 6:0-47 27:26-35
 @ ./src/index.js 5:0-24 11:32-35

ERROR in ./src/components/CategoryCards.js 2:0-29
Module not found: Error: Can't resolve './CategoryCards.css' in '/home/kavia/workspace/code-generation/recipehub-32542-b51c3f41/recipehub_frontend/src/components'
 @ ./src/App.js 5:0-55 24:28-41
 @ ./src/index.js 5:0-24 11:32-35

ERROR in ./src/components/FeaturedCarousel.js 2:0-32
Module not found: Error: Can't resolve './FeaturedCarousel.css' in '/home/kavia/workspace/code-generation/recipehub-32542-b51c3f41/recipehub_frontend/src/components'
 @ ./src/App.js 4:0-61 22:35-51
 @ ./src/index.js 5:0-24 11:32-35

3 errors have detailed information that is not shown.
Use 'stats.errorDetails: true' resp. '--stats-error-details' to show it.

webpack 5.99.9 compiled with 3 errors in 48 ms
assets by status 1.92 KiB [cached] 1 asset
assets by path *.js 1.44 MiB
  asset bundle.js 1.42 MiB [emitted] (name: main)
  asset main.12250ed28f345aef4a99.hot-update.js 15.2 KiB [emitted] [immutable] [hmr] (name: main)
asset main.12250ed28f345aef4a99.hot-update.json 28 bytes [emitted] [immutable] [hmr]
Entrypoint main 1.44 MiB = bundle.js 1.42 MiB main.12250ed28f345aef4a99.hot-update.js 15.2 KiB
cached modules 1.27 MiB [cached] 47 modules
runtime modules 27.5 KiB 14 modules
javascript modules 5.6 KiB
  ./src/components/FeaturedCarousel.js 2 KiB [code generated]
  ./src/components/FeaturedCarousel.css 2.29 KiB [built] [code generated]
  ./node_modules/css-loader/dist/cjs.js!./src/components/FeaturedCarousel.css 1.31 KiB [built] [code generated]

ERROR in ./src/components/BottomNav.js 2:0-25
Module not found: Error: Can't resolve './BottomNav.css' in '/home/kavia/workspace/code-generation/recipehub-32542-b51c3f41/recipehub_frontend/src/components'
resolve './BottomNav.css' in '/home/kavia/workspace/code-generation/recipehub-32542-b51c3f41/recipehub_frontend/src/components'
  using description file: /home/kavia/workspace/code-generation/recipehub-32542-b51c3f41/recipehub_frontend/package.json (relative path: ./src/components)
    Field 'browser' doesn't contain a valid alias configuration
    using description file: /home/kavia/workspace/code-generation/recipehub-32542-b51c3f41/recipehub_frontend/package.json (relative path: ./src/components/BottomNav.css)
      no extension
        Field 'browser' doesn't contain a valid alias configuration
        /home/kavia/workspace/code-generation/recipehub-32542-b51c3f41/recipehub_frontend/src/components/BottomNav.css doesn't exist
      .js
        Field 'browser' doesn't contain a valid alias configuration
        /home/kavia/workspace/code-generation/recipehub-32542-b51c3f41/recipehub_frontend/src/components/BottomNav.css.js doesn't exist
      .jsx
        Field 'browser' doesn't contain a valid alias configuration
        /home/kavia/workspace/code-generation/recipehub-32542-b51c3f41/recipehub_frontend/src/components/BottomNav.css.jsx doesn't exist
      as directory
        /home/kavia/workspace/code-generation/recipehub-32542-b51c3f41/recipehub_frontend/src/components/BottomNav.css doesn't exist
 @ ./src/App.js 6:0-47 27:26-35
 @ ./src/index.js 5:0-24 11:32-35

ERROR in ./src/components/CategoryCards.js 2:0-29
Module not found: Error: Can't resolve './CategoryCards.css' in '/home/kavia/workspace/code-generation/recipehub-32542-b51c3f41/recipehub_frontend/src/components'
resolve './CategoryCards.css' in '/home/kavia/workspace/code-generation/recipehub-32542-b51c3f41/recipehub_frontend/src/components'
  using description file: /home/kavia/workspace/code-generation/recipehub-32542-b51c3f41/recipehub_frontend/package.json (relative path: ./src/components)
    Field 'browser' doesn't contain a valid alias configuration
    using description file: /home/kavia/workspace/code-generation/recipehub-32542-b51c3f41/recipehub_frontend/package.json (relative path: ./src/components/CategoryCards.css)
      no extension
        Field 'browser' doesn't contain a valid alias configuration
        /home/kavia/workspace/code-generation/recipehub-32542-b51c3f41/recipehub_frontend/src/components/CategoryCards.css doesn't exist
      .js
        Field 'browser' doesn't contain a valid alias configuration
        /home/kavia/workspace/code-generation/recipehub-32542-b51c3f41/recipehub_frontend/src/components/CategoryCards.css.js doesn't exist
      .jsx
        Field 'browser' doesn't contain a valid alias configuration
        /home/kavia/workspace/code-generation/recipehub-32542-b51c3f41/recipehub_frontend/src/components/CategoryCards.css.jsx doesn't exist
      as directory
        /home/kavia/workspace/code-generation/recipehub-32542-b51c3f41/recipehub_frontend/src/components/CategoryCards.css doesn't exist
 @ ./src/App.js 5:0-55 24:28-41
 @ ./src/index.js 5:0-24 11:32-35

webpack 5.99.9 compiled with 2 errors in 38 ms
assets by status 1.92 KiB [cached] 1 asset
assets by path *.js 1.45 MiB
  asset bundle.js 1.43 MiB [emitted] (name: main)
  asset main.a693a2762394a972857e.hot-update.js 14.6 KiB [emitted] [immutable] [hmr] (name: main)
asset main.a693a2762394a972857e.hot-update.json 28 bytes [emitted] [immutable] [hmr]
Entrypoint main 1.45 MiB = bundle.js 1.43 MiB main.a693a2762394a972857e.hot-update.js 14.6 KiB
cached modules 1.27 MiB [cached] 49 modules
runtime modules 27.5 KiB 14 modules
javascript modules 5.11 KiB
  ./src/components/CategoryCards.js 1.47 KiB [code generated]
  ./src/components/CategoryCards.css 2.28 KiB [built] [code generated]
  ./node_modules/css-loader/dist/cjs.js!./src/components/CategoryCards.css 1.36 KiB [built] [code generated]

ERROR in ./src/components/BottomNav.js 2:0-25
Module not found: Error: Can't resolve './BottomNav.css' in '/home/kavia/workspace/code-generation/recipehub-32542-b51c3f41/recipehub_frontend/src/components'
resolve './BottomNav.css' in '/home/kavia/workspace/code-generation/recipehub-32542-b51c3f41/recipehub_frontend/src/components'
  using description file: /home/kavia/workspace/code-generation/recipehub-32542-b51c3f41/recipehub_frontend/package.json (relative path: ./src/components)
    Field 'browser' doesn't contain a valid alias configuration
    using description file: /home/kavia/workspace/code-generation/recipehub-32542-b51c3f41/recipehub_frontend/package.json (relative path: ./src/components/BottomNav.css)
      no extension
        Field 'browser' doesn't contain a valid alias configuration
        /home/kavia/workspace/code-generation/recipehub-32542-b51c3f41/recipehub_frontend/src/components/BottomNav.css doesn't exist
      .js
        Field 'browser' doesn't contain a valid alias configuration
        /home/kavia/workspace/code-generation/recipehub-32542-b51c3f41/recipehub_frontend/src/components/BottomNav.css.js doesn't exist
      .jsx
        Field 'browser' doesn't contain a valid alias configuration
        /home/kavia/workspace/code-generation/recipehub-32542-b51c3f41/recipehub_frontend/src/components/BottomNav.css.jsx doesn't exist
      as directory
        /home/kavia/workspace/code-generation/recipehub-32542-b51c3f41/recipehub_frontend/src/components/BottomNav.css doesn't exist
 @ ./src/App.js 6:0-47 27:26-35
 @ ./src/index.js 5:0-24 11:32-35

webpack 5.99.9 compiled with 1 error in 38 ms
assets by status 1.92 KiB [cached] 1 asset
assets by path *.js 1.46 MiB
  asset bundle.js 1.44 MiB [emitted] (name: main)
  asset main.dd776072c6804143f35e.hot-update.js 13.8 KiB [emitted] [immutable] [hmr] (name: main)
asset main.dd776072c6804143f35e.hot-update.json 28 bytes [emitted] [immutable] [hmr]
Entrypoint main 1.46 MiB = bundle.js 1.44 MiB main.dd776072c6804143f35e.hot-update.js 13.8 KiB
cached modules 1.28 MiB [cached] 51 modules
runtime modules 27.5 KiB 14 modules
javascript modules 4.66 KiB
  ./src/components/BottomNav.js 1.24 KiB [code generated]
  ./src/components/BottomNav.css 2.27 KiB [built] [code generated]
  ./node_modules/css-loader/dist/cjs.js!./src/components/BottomNav.css 1.16 KiB [built] [code generated]
webpack 5.99.9 compiled successfully in 43 ms
assets by status 1.92 KiB [cached] 1 asset
assets by path *.js 1.45 MiB
  asset bundle.js 1.44 MiB [emitted] (name: main)
  asset main.12714fd56b79c49e0d78.hot-update.js 4.65 KiB [emitted] [immutable] [hmr] (name: main)
asset main.12714fd56b79c49e0d78.hot-update.json 28 bytes [emitted] [immutable] [hmr]
Entrypoint main 1.45 MiB = bundle.js 1.44 MiB main.12714fd56b79c49e0d78.hot-update.js 4.65 KiB
cached modules 1.28 MiB [cached] 53 modules
runtime modules 27.5 KiB 14 modules
./node_modules/css-loader/dist/cjs.js!./src/App.css 2.19 KiB [built] [code generated]
webpack 5.99.9 compiled successfully in 41 ms
assets by status 1.92 KiB [cached] 1 asset
assets by path *.js 1.45 MiB
  asset bundle.js 1.44 MiB [emitted] (name: main)
  asset main.6dbb90277afdeff3d33b.hot-update.js 4.9 KiB [emitted] [immutable] [hmr] (name: main)
asset main.6dbb90277afdeff3d33b.hot-update.json 28 bytes [emitted] [immutable] [hmr]
Entrypoint main 1.45 MiB = bundle.js 1.44 MiB main.6dbb90277afdeff3d33b.hot-update.js 4.9 KiB
cached modules 1.28 MiB [cached] 53 modules
runtime modules 27.5 KiB 14 modules
./node_modules/css-loader/dist/cjs.js!./src/App.css 2.43 KiB [built] [code generated]
webpack 5.99.9 compiled successfully in 30 ms
